
> yakiwood-website@0.1.0 build
> next build

Ō¢▓ Next.js 16.1.1 (Turbopack)
- Environments: .env.local
- Experiments (use with caution):
  ┬Ę optimizePackageImports

  Creating an optimized production build ...
